{
  message: 'Sign up request received',
  level: 'info',
  timestamp: '2026-08-16T13:08:22.094Z'
}
{
  message: 'Sign up request received',
  level: 'info',
  timestamp: '2026-08-16T13:09:09.005Z'
}
{
  message: 'Sign up request received',
  level: 'info',
  timestamp: '2026-08-16T13:10:01.176Z'
}
{
  message: 'Sign up request received',
  level: 'info',
  timestamp: '2026-08-16T13:11:20.454Z'
}
{
  message: 'Sign in request received',
  level: 'info',
  timestamp: '2026-08-16T13:12:21.536Z'
}
{
  message: 'Sign in request received',
  level: 'info',
  timestamp: '2026-08-16T13:15:07.697Z'
}
{
  message: 'Sign in request received',
  level: 'info',
  timestamp: '2026-08-16T13:19:54.541Z'
}
{
  message: 'Sign in request received',
  level: 'info',
  timestamp: '2026-08-16T13:20:41.897Z'
}
{
  message: 'Sign in request received',
  level: 'info',
  timestamp: '2026-08-16T13:23:56.186Z'
}
{
  message: 'Sign in request received',
  level: 'info',
  timestamp: '2026-08-16T13:32:39.040Z'
}
{
  message: 'Sign up request received',
  level: 'info',
  timestamp: '2026-08-16T13:33:21.586Z'
}
{
  message: 'Sign up request received',
  level: 'info',
  timestamp: '2026-08-16T13:33:43.447Z'
}
{
  message: 'Sign up request received',
  level: 'info',
  timestamp: '2026-08-16T13:34:23.273Z'
}
{
  message: 'Sign in request received',
  level: 'info',
  timestamp: '2026-08-16T13:34:43.541Z'
}
{
  message: 'Sign in request received',
  level: 'info',
  timestamp: '2026-08-16T13:47:06.286Z'
}
{
  message: 'Sign in request received',
  level: 'info',
  timestamp: '2026-08-16T13:48:32.691Z'
}
{
  message: 'Sign up request received',
  level: 'info',
  timestamp: '2026-08-16T14:36:52.166Z'
}
{
  message: 'Sign up request received',
  level: 'info',
  timestamp: '2026-08-16T14:38:18.127Z'
}
{
  message: 'Sign up request received',
  level: 'info',
  timestamp: '2026-08-16T14:46:42.106Z'
}
{
  message: 'Sign up request received',
  level: 'info',
  timestamp: '2026-08-16T14:46:59.107Z'
}
{
  message: 'Sign up request received',
  level: 'info',
  timestamp: '2026-08-16T14:47:11.905Z'
}
{
  message: 'Sign in request received',
  level: 'info',
  timestamp: '2026-08-16T14:47:31.378Z'
}
{
  message: 'Sign in request received',
  level: 'info',
  timestamp: '2026-08-16T15:40:52.101Z'
}
{
  message: 'Sign in request received',
  level: 'info',
  timestamp: '2026-08-16T15:46:53.424Z'
}
{
  message: 'Sign in request received',
  level: 'info',
  timestamp: '2026-08-16T15:49:10.747Z'
}
